
Discarded input sections

 .text          0x0000000000000000       0x14 build/stm32_lib/c_only_startup.o
 .bss           0x0000000000000000        0x0 build/stm32_lib/c_only_startup.o
 .text          0x0000000000000000       0x7a build/stm32_lib/cortexm3_macro.o
 .bss           0x0000000000000000        0x0 build/stm32_lib/cortexm3_macro.o
 .text          0x0000000000000000        0x0 build/usb.o
 .bss           0x0000000000000000        0x0 build/usb.o
 .text.usbAppInit
                0x0000000000000000        0x4 build/usb.o
 .text          0x0000000000000000        0x0 build/usb_callbacks.o
 .bss           0x0000000000000000        0x0 build/usb_callbacks.o
 .text          0x0000000000000000        0x0 build/usb_descriptor.o
 .bss           0x0000000000000000        0x0 build/usb_descriptor.o
 .bss.u8_usbStringInterface
                0x0000000000000000        0x1 build/usb_descriptor.o
 .text          0x0000000000000000        0x0 build/main.o
 .bss           0x0000000000000000        0x0 build/main.o
 .text          0x0000000000000000        0x0 build/hardware.o
 .bss           0x0000000000000000        0x0 build/hardware.o
 .text.readPin  0x0000000000000000       0x10 build/hardware.o
 .text.strobePin
                0x0000000000000000       0x52 build/hardware.o
 .text.flashErasePages
                0x0000000000000000       0x30 build/hardware.o
 .text          0x0000000000000000        0x0 build/dfu.o
 .bss           0x0000000000000000        0x0 build/dfu.o
 .text.dfuUpdateByTimeout
                0x0000000000000000        0x2 build/dfu.o
 .text.dfuGetState
                0x0000000000000000        0xc build/dfu.o
 .text.dfuSetState
                0x0000000000000000        0xc build/dfu.o
 .text          0x0000000000000000        0x0 build/usb_lib/usb_regs.o
 .bss           0x0000000000000000        0x0 build/usb_lib/usb_regs.o
 .text.SetCNTR  0x0000000000000000        0xc build/usb_lib/usb_regs.o
 .text.GetCNTR  0x0000000000000000       0x10 build/usb_lib/usb_regs.o
 .text.SetISTR  0x0000000000000000        0xc build/usb_lib/usb_regs.o
 .text.GetISTR  0x0000000000000000       0x10 build/usb_lib/usb_regs.o
 .text.GetFNR   0x0000000000000000       0x10 build/usb_lib/usb_regs.o
 .text.SetDADDR
                0x0000000000000000        0xc build/usb_lib/usb_regs.o
 .text.GetDADDR
                0x0000000000000000       0x10 build/usb_lib/usb_regs.o
 .text.SetBTABLE
                0x0000000000000000       0x14 build/usb_lib/usb_regs.o
 .text.GetBTABLE
                0x0000000000000000       0x10 build/usb_lib/usb_regs.o
 .text.SetENDPOINT
                0x0000000000000000        0xe build/usb_lib/usb_regs.o
 .text.GetENDPOINT
                0x0000000000000000       0x10 build/usb_lib/usb_regs.o
 .text.SetEPType
                0x0000000000000000       0x1c build/usb_lib/usb_regs.o
 .text.GetEPType
                0x0000000000000000       0x12 build/usb_lib/usb_regs.o
 .text.SetEPRxStatus
                0x0000000000000000       0x2a build/usb_lib/usb_regs.o
 .text.SetDouBleBuffEPStall
                0x0000000000000000       0x26 build/usb_lib/usb_regs.o
 .text.GetEPTxStatus
                0x0000000000000000       0x12 build/usb_lib/usb_regs.o
 .text.GetEPRxStatus
                0x0000000000000000       0x12 build/usb_lib/usb_regs.o
 .text.SetEPTxValid
                0x0000000000000000       0x1e build/usb_lib/usb_regs.o
 .text.SetEP_KIND
                0x0000000000000000       0x1e build/usb_lib/usb_regs.o
 .text.Set_Status_Out
                0x0000000000000000        0x4 build/usb_lib/usb_regs.o
 .text.SetEPDoubleBuff
                0x0000000000000000        0x4 build/usb_lib/usb_regs.o
 .text.ClearEPDoubleBuff
                0x0000000000000000        0x4 build/usb_lib/usb_regs.o
 .text.GetTxStallStatus
                0x0000000000000000       0x1a build/usb_lib/usb_regs.o
 .text.GetRxStallStatus
                0x0000000000000000       0x1a build/usb_lib/usb_regs.o
 .text.ClearEP_CTR_RX
                0x0000000000000000       0x18 build/usb_lib/usb_regs.o
 .text.ClearEP_CTR_TX
                0x0000000000000000       0x1c build/usb_lib/usb_regs.o
 .text.ToggleDTOG_RX
                0x0000000000000000       0x20 build/usb_lib/usb_regs.o
 .text.ToggleDTOG_TX
                0x0000000000000000       0x20 build/usb_lib/usb_regs.o
 .text.SetEPAddress
                0x0000000000000000       0x1e build/usb_lib/usb_regs.o
 .text.GetEPAddress
                0x0000000000000000       0x12 build/usb_lib/usb_regs.o
 .text.SetEPTxAddr
                0x0000000000000000       0x24 build/usb_lib/usb_regs.o
 .text.SetEPRxAddr
                0x0000000000000000       0x24 build/usb_lib/usb_regs.o
 .text.SetEPCountRxReg
                0x0000000000000000       0x26 build/usb_lib/usb_regs.o
 .text.GetEPTxCount
                0x0000000000000000       0x24 build/usb_lib/usb_regs.o
 .text.GetEPRxCount
                0x0000000000000000       0x24 build/usb_lib/usb_regs.o
 .text.SetEPDblBuffAddr
                0x0000000000000000       0x40 build/usb_lib/usb_regs.o
 .text.SetEPDblBuf0Addr
                0x0000000000000000        0x4 build/usb_lib/usb_regs.o
 .text.SetEPDblBuf1Addr
                0x0000000000000000        0x4 build/usb_lib/usb_regs.o
 .text.GetEPDblBuf0Addr
                0x0000000000000000        0x4 build/usb_lib/usb_regs.o
 .text.GetEPDblBuf1Addr
                0x0000000000000000        0x4 build/usb_lib/usb_regs.o
 .text.SetEPDblBuffCount
                0x0000000000000000       0xb0 build/usb_lib/usb_regs.o
 .text.SetEPDblBuf0Count
                0x0000000000000000       0x60 build/usb_lib/usb_regs.o
 .text.SetEPDblBuf1Count
                0x0000000000000000       0x60 build/usb_lib/usb_regs.o
 .text.GetEPDblBuf0Count
                0x0000000000000000        0x4 build/usb_lib/usb_regs.o
 .text.GetEPDblBuf1Count
                0x0000000000000000        0x4 build/usb_lib/usb_regs.o
 .text.GetEPDblBufDir
                0x0000000000000000       0x4c build/usb_lib/usb_regs.o
 .text.FreeUserBuffer
                0x0000000000000000       0x46 build/usb_lib/usb_regs.o
 .text.ToWord   0x0000000000000000        0x6 build/usb_lib/usb_regs.o
 .text.ByteSwap
                0x0000000000000000        0x6 build/usb_lib/usb_regs.o
 .text          0x0000000000000000        0x0 build/usb_lib/usb_int.o
 .bss           0x0000000000000000        0x0 build/usb_lib/usb_int.o
 .text.CTR_HP   0x0000000000000000       0x80 build/usb_lib/usb_int.o
 .text          0x0000000000000000        0x0 build/usb_lib/usb_init.o
 .bss           0x0000000000000000        0x0 build/usb_lib/usb_init.o
 .bss.SaveState
                0x0000000000000000        0x2 build/usb_lib/usb_init.o
 .text          0x0000000000000000        0x0 build/usb_lib/usb_core.o
 .bss           0x0000000000000000        0x0 build/usb_lib/usb_core.o
 .text.NOP_Process
                0x0000000000000000        0x2 build/usb_lib/usb_core.o
 .text          0x0000000000000000        0x0 build/usb_lib/usb_mem.o
 .bss           0x0000000000000000        0x0 build/usb_lib/usb_mem.o

Memory Configuration

Name             Origin             Length             Attributes
RAM              0x0000000020000000 0x0000000000001000 xrw
FLASH            0x0000000008000000 0x0000000000002000 xr
*default*        0x0000000000000000 0xffffffffffffffff

Linker script and memory map

LOAD build/stm32_lib/c_only_startup.o
LOAD build/stm32_lib/cortexm3_macro.o
LOAD build/usb.o
LOAD build/usb_callbacks.o
LOAD build/usb_descriptor.o
LOAD build/main.o
LOAD build/hardware.o
LOAD build/dfu.o
LOAD build/usb_lib/usb_regs.o
LOAD build/usb_lib/usb_int.o
LOAD build/usb_lib/usb_init.o
LOAD build/usb_lib/usb_core.o
LOAD build/usb_lib/usb_mem.o
LOAD d:/qmk_msys/mingw64/bin/../lib/gcc/arm-none-eabi/10.1.0/../../../../arm-none-eabi/lib/thumb/v7-m/nofp\libc.a
LOAD d:/qmk_msys/mingw64/bin/../lib/gcc/arm-none-eabi/10.1.0/thumb/v7-m/nofp\libgcc.a
START GROUP
LOAD d:/qmk_msys/mingw64/bin/../lib/gcc/arm-none-eabi/10.1.0/thumb/v7-m/nofp\libgcc.a
LOAD d:/qmk_msys/mingw64/bin/../lib/gcc/arm-none-eabi/10.1.0/../../../../arm-none-eabi/lib/thumb/v7-m/nofp\libg.a
LOAD d:/qmk_msys/mingw64/bin/../lib/gcc/arm-none-eabi/10.1.0/../../../../arm-none-eabi/lib/thumb/v7-m/nofp\libc.a
END GROUP
                0x0000000000000400                __Stack_Size = 0x400
                [!provide]                        PROVIDE (_Stack_Size = __Stack_Size)
                0x0000000020002400                __Stack_Init = (_estack - __Stack_Size)
                [!provide]                        PROVIDE (_Stack_Init = __Stack_Init)
                0x0000000000000100                _Minimum_Stack_Size = 0x100
                0x0000000020002800                _estack = 0x20002800

.isr_vector     0x0000000008000000       0xf0
                0x0000000008000000                . = ALIGN (0x4)
 *(.isr_vector)
 .isr_vector    0x0000000008000000       0xf0 build/stm32_lib/c_only_startup.o
                0x0000000008000000                g_pfnVectors
                0x00000000080000f0                . = ALIGN (0x4)

.flashtext      0x00000000080000f0        0x0
                0x00000000080000f0                . = ALIGN (0x4)
 *(.flashtext)
                0x00000000080000f0                . = ALIGN (0x4)

.text           0x00000000080000f0     0x17b4
                0x00000000080000f0                . = ALIGN (0x4)
 *(.text)
 *(.text.*)
 .text.Reset_Handler
                0x00000000080000f0       0x40 build/stm32_lib/c_only_startup.o
                0x00000000080000f0                Reset_Handler
 .text.Default_Handler
                0x0000000008000130        0x2 build/stm32_lib/c_only_startup.o
                0x0000000008000130                EXTI2_IRQHandler
                0x0000000008000130                DebugMon_Handler
                0x0000000008000130                TIM1_CC_IRQHandler
                0x0000000008000130                HardFault_Handler
                0x0000000008000130                SysTick_Handler
                0x0000000008000130                PVD_IRQHandler
                0x0000000008000130                PendSV_Handler
                0x0000000008000130                NMI_Handler
                0x0000000008000130                EXTI3_IRQHandler
                0x0000000008000130                EXTI0_IRQHandler
                0x0000000008000130                I2C2_EV_IRQHandler
                0x0000000008000130                UsageFault_Handler
                0x0000000008000130                ADC1_2_IRQHandler
                0x0000000008000130                SPI1_IRQHandler
                0x0000000008000130                TAMPER_IRQHandler
                0x0000000008000130                DMA1_Channel4_IRQHandler
                0x0000000008000130                USART3_IRQHandler
                0x0000000008000130                RTC_IRQHandler
                0x0000000008000130                DMA1_Channel7_IRQHandler
                0x0000000008000130                CAN1_RX1_IRQHandler
                0x0000000008000130                TIM4_IRQHandler
                0x0000000008000130                I2C1_EV_IRQHandler
                0x0000000008000130                DMA1_Channel6_IRQHandler
                0x0000000008000130                TIM3_IRQHandler
                0x0000000008000130                RCC_IRQHandler
                0x0000000008000130                TIM1_TRG_COM_IRQHandler
                0x0000000008000130                DMA1_Channel1_IRQHandler
                0x0000000008000130                Default_Handler
                0x0000000008000130                EXTI15_10_IRQHandler
                0x0000000008000130                EXTI9_5_IRQHandler
                0x0000000008000130                SPI2_IRQHandler
                0x0000000008000130                MemManage_Handler
                0x0000000008000130                SVC_Handler
                0x0000000008000130                DMA1_Channel5_IRQHandler
                0x0000000008000130                EXTI4_IRQHandler
                0x0000000008000130                USB_HP_CAN1_TX_IRQHandler
                0x0000000008000130                DMA1_Channel3_IRQHandler
                0x0000000008000130                TIM1_UP_IRQHandler
                0x0000000008000130                WWDG_IRQHandler
                0x0000000008000130                TIM2_IRQHandler
                0x0000000008000130                TIM1_BRK_IRQHandler
                0x0000000008000130                EXTI1_IRQHandler
                0x0000000008000130                RTCAlarm_IRQHandler
                0x0000000008000130                USART2_IRQHandler
                0x0000000008000130                I2C2_ER_IRQHandler
                0x0000000008000130                DMA1_Channel2_IRQHandler
                0x0000000008000130                CAN1_SCE_IRQHandler
                0x0000000008000130                FLASH_IRQHandler
                0x0000000008000130                BusFault_Handler
                0x0000000008000130                USART1_IRQHandler
                0x0000000008000130                I2C1_ER_IRQHandler
                0x0000000008000130                USBWakeUp_IRQHandler
 .text.usbStatusIn
                0x0000000008000132        0x2 build/usb.o
                0x0000000008000132                usbStatusIn
 .text.usbGetInterfaceSetting
                0x0000000008000134        0xa build/usb.o
                0x0000000008000134                usbGetInterfaceSetting
 *fill*         0x000000000800013e        0x2 
 .text.usbSetConfiguration
                0x0000000008000140       0x18 build/usb.o
                0x0000000008000140                usbSetConfiguration
 .text.usbSetDeviceAddress
                0x0000000008000158        0xc build/usb.o
                0x0000000008000158                usbSetDeviceAddress
 .text.usbReset
                0x0000000008000164       0xb0 build/usb.o
                0x0000000008000164                usbReset
 .text.usbGetDeviceDescriptor
                0x0000000008000214        0xc build/usb.o
                0x0000000008000214                usbGetDeviceDescriptor
 .text.usbGetConfigDescriptor
                0x0000000008000220        0xc build/usb.o
                0x0000000008000220                usbGetConfigDescriptor
 .text.usbGetStringDescriptor
                0x000000000800022c       0x20 build/usb.o
                0x000000000800022c                usbGetStringDescriptor
 .text.usbGetFunctionalDescriptor
                0x000000000800024c        0xc build/usb.o
                0x000000000800024c                usbGetFunctionalDescriptor
 .text.usbDataSetup
                0x0000000008000258       0x74 build/usb.o
                0x0000000008000258                usbDataSetup
 .text.usbNoDataSetup
                0x00000000080002cc       0x24 build/usb.o
                0x00000000080002cc                usbNoDataSetup
 .text.usbSetDeviceFeature
                0x00000000080002f0        0x2 build/usb.o
                0x00000000080002f0                usbSetDeviceFeature
 .text.nothingProc
                0x00000000080002f2        0x2 build/usb.o
                0x00000000080002f2                nothingProc
 .text.usbStatusOut
                0x00000000080002f4        0x2 build/usb.o
                0x00000000080002f4                usbStatusOut
 .text.usbGetConfiguration
                0x00000000080002f6        0x2 build/usb.o
                0x00000000080002f6                usbGetConfiguration
 .text.usbGetInterface
                0x00000000080002f8        0x2 build/usb.o
                0x00000000080002f8                usbGetInterface
 .text.usbSetInterface
                0x00000000080002fa        0x2 build/usb.o
                0x00000000080002fa                usbSetInterface
 .text.usbGetStatus
                0x00000000080002fc        0x2 build/usb.o
                0x00000000080002fc                usbGetStatus
 .text.usbClearFeature
                0x00000000080002fe        0x2 build/usb.o
                0x00000000080002fe                usbClearFeature
 .text.usbSetEndpointFeature
                0x0000000008000300        0x2 build/usb.o
                0x0000000008000300                usbSetEndpointFeature
 *fill*         0x0000000008000302        0x2 
 .text.setupUSB
                0x0000000008000304       0x84 build/usb.o
                0x0000000008000304                setupUSB
 .text.usbSuspend
                0x0000000008000388       0x20 build/usb.o
                0x0000000008000388                usbSuspend
 .text.usbResumeInit
                0x00000000080003a8       0x20 build/usb.o
                0x00000000080003a8                usbResumeInit
 .text.usbResume
                0x00000000080003c8       0x88 build/usb.o
                0x00000000080003c8                usbResume
 .text.usbPowerOn
                0x0000000008000450       0x28 build/usb.o
                0x0000000008000450                usbPowerOn
 .text.usbPowerOff
                0x0000000008000478       0x1c build/usb.o
                0x0000000008000478                usbPowerOff
 .text.usbDsbBus
                0x0000000008000494        0x4 build/usb.o
                0x0000000008000494                usbDsbBus
 .text.usbEnbISR
                0x0000000008000498       0x24 build/usb.o
                0x0000000008000498                usbEnbISR
 .text.usbInit  0x00000000080004bc       0x40 build/usb.o
                0x00000000080004bc                usbInit
 .text.usbDsbISR
                0x00000000080004fc       0x22 build/usb.o
                0x00000000080004fc                usbDsbISR
 *fill*         0x000000000800051e        0x2 
 .text.USB_LP_CAN1_RX0_IRQHandler
                0x0000000008000520       0xcc build/usb.o
                0x0000000008000520                USB_LP_CAN1_RX0_IRQHandler
 .text.startup.main
                0x00000000080005ec       0x88 build/main.o
                0x00000000080005ec                main
 .text.gpio_write_bit
                0x0000000008000674       0x14 build/hardware.o
                0x0000000008000674                gpio_write_bit
 .text.readButtonState
                0x0000000008000688        0x4 build/hardware.o
                0x0000000008000688                readButtonState
 .text.systemReset
                0x000000000800068c       0x3c build/hardware.o
                0x000000000800068c                systemReset
 .text.setupCLK
                0x00000000080006c8       0x5c build/hardware.o
                0x00000000080006c8                setupCLK
 .text.setupLEDAndButton
                0x0000000008000724        0x2 build/hardware.o
                0x0000000008000724                setupLEDAndButton
 *fill*         0x0000000008000726        0x2 
 .text.setupFLASH
                0x0000000008000728       0x1c build/hardware.o
                0x0000000008000728                setupFLASH
 .text.checkUserCode
                0x0000000008000744       0x14 build/hardware.o
                0x0000000008000744                checkUserCode
 .text.setMspAndJump
                0x0000000008000758       0x12 build/hardware.o
                0x0000000008000758                setMspAndJump
 *fill*         0x000000000800076a        0x2 
 .text.bkp10Write
                0x000000000800076c       0x30 build/hardware.o
                0x000000000800076c                bkp10Write
 .text.checkAndClearBootloaderFlag
                0x000000000800079c       0x48 build/hardware.o
                0x000000000800079c                checkAndClearBootloaderFlag
 .text.nvicInit
                0x00000000080007e4       0x6c build/hardware.o
                0x00000000080007e4                nvicInit
 .text.nvicDisableInterrupts
                0x0000000008000850       0x24 build/hardware.o
                0x0000000008000850                nvicDisableInterrupts
 .text.jumpToUser
                0x0000000008000874       0x28 build/hardware.o
                0x0000000008000874                jumpToUser
 .text.systemHardReset
                0x000000000800089c       0x14 build/hardware.o
                0x000000000800089c                systemHardReset
 .text.flashErasePage
                0x00000000080008b0       0x28 build/hardware.o
                0x00000000080008b0                flashErasePage
 .text.flashWriteWord
                0x00000000080008d8       0x48 build/hardware.o
                0x00000000080008d8                flashWriteWord
 .text.flashLock
                0x0000000008000920        0xc build/hardware.o
                0x0000000008000920                flashLock
 .text.flashUnlock
                0x000000000800092c       0x18 build/hardware.o
                0x000000000800092c                flashUnlock
 .text.crMask   0x0000000008000944       0x12 build/hardware.o
                0x0000000008000944                crMask
 *fill*         0x0000000008000956        0x2 
 .text.getFlashEnd
                0x0000000008000958       0x14 build/hardware.o
                0x0000000008000958                getFlashEnd
 .text.getFlashPageSize
                0x000000000800096c       0x18 build/hardware.o
                0x000000000800096c                getFlashPageSize
 .text.dfuInit  0x0000000008000984       0x5c build/dfu.o
                0x0000000008000984                dfuInit
 .text.dfuUpdateByReset
                0x00000000080009e0       0x44 build/dfu.o
                0x00000000080009e0                dfuUpdateByReset
 .text.dfuCopyState
                0x0000000008000a24       0x18 build/dfu.o
                0x0000000008000a24                dfuCopyState
 .text.dfuCopyStatus
                0x0000000008000a3c       0x18 build/dfu.o
                0x0000000008000a3c                dfuCopyStatus
 .text.dfuCopyDNLOAD
                0x0000000008000a54       0x28 build/dfu.o
                0x0000000008000a54                dfuCopyDNLOAD
 .text.dfuCopyUPLOAD
                0x0000000008000a7c       0x30 build/dfu.o
                0x0000000008000a7c                dfuCopyUPLOAD
 .text.dfuCopyBufferToExec
                0x0000000008000aac       0x64 build/dfu.o
                0x0000000008000aac                dfuCopyBufferToExec
 .text.dfuUpdateByRequest
                0x0000000008000b10      0x234 build/dfu.o
                0x0000000008000b10                dfuUpdateByRequest
 .text.dfuUploadStarted
                0x0000000008000d44        0xc build/dfu.o
                0x0000000008000d44                dfuUploadStarted
 .text.dfuFinishUpload
                0x0000000008000d50        0x4 build/dfu.o
                0x0000000008000d50                dfuFinishUpload
 .text.SetEPTxStatus
                0x0000000008000d54       0x2a build/usb_lib/usb_regs.o
                0x0000000008000d54                SetEPTxStatus
 .text.SetEPRxValid
                0x0000000008000d7e       0x1e build/usb_lib/usb_regs.o
                0x0000000008000d7e                SetEPRxValid
 .text.ClearEP_KIND
                0x0000000008000d9c       0x1c build/usb_lib/usb_regs.o
                0x0000000008000d9c                ClearEP_KIND
 .text.Clear_Status_Out
                0x0000000008000db8        0x4 build/usb_lib/usb_regs.o
                0x0000000008000db8                Clear_Status_Out
 .text.ClearDTOG_RX
                0x0000000008000dbc       0x26 build/usb_lib/usb_regs.o
                0x0000000008000dbc                ClearDTOG_RX
 .text.ClearDTOG_TX
                0x0000000008000de2       0x26 build/usb_lib/usb_regs.o
                0x0000000008000de2                ClearDTOG_TX
 .text.GetEPTxAddr
                0x0000000008000e08       0x20 build/usb_lib/usb_regs.o
                0x0000000008000e08                GetEPTxAddr
 .text.GetEPRxAddr
                0x0000000008000e28       0x20 build/usb_lib/usb_regs.o
                0x0000000008000e28                GetEPRxAddr
 .text.SetEPTxCount
                0x0000000008000e48       0x20 build/usb_lib/usb_regs.o
                0x0000000008000e48                SetEPTxCount
 .text.SetEPRxCount
                0x0000000008000e68       0x44 build/usb_lib/usb_regs.o
                0x0000000008000e68                SetEPRxCount
 .text.CTR_LP   0x0000000008000eac      0x194 build/usb_lib/usb_int.o
                0x0000000008000eac                CTR_LP
 .text.USB_Init
                0x0000000008001040       0x34 build/usb_lib/usb_init.o
                0x0000000008001040                USB_Init
 .text.Standard_GetConfiguration
                0x0000000008001074       0x24 build/usb_lib/usb_core.o
                0x0000000008001074                Standard_GetConfiguration
 .text.Standard_GetInterface
                0x0000000008001098       0x24 build/usb_lib/usb_core.o
                0x0000000008001098                Standard_GetInterface
 .text.Standard_GetStatus
                0x00000000080010bc       0x8c build/usb_lib/usb_core.o
                0x00000000080010bc                Standard_GetStatus
 .text.DataStageIn
                0x0000000008001148       0xac build/usb_lib/usb_core.o
 .text.Standard_SetConfiguration
                0x00000000080011f4       0x38 build/usb_lib/usb_core.o
                0x00000000080011f4                Standard_SetConfiguration
 .text.Standard_SetInterface
                0x000000000800122c       0x48 build/usb_lib/usb_core.o
                0x000000000800122c                Standard_SetInterface
 .text.Standard_ClearFeature
                0x0000000008001274       0xcc build/usb_lib/usb_core.o
                0x0000000008001274                Standard_ClearFeature
 .text.Standard_SetEndPointFeature
                0x0000000008001340       0x7c build/usb_lib/usb_core.o
                0x0000000008001340                Standard_SetEndPointFeature
 .text.Standard_SetDeviceFeature
                0x00000000080013bc       0x24 build/usb_lib/usb_core.o
                0x00000000080013bc                Standard_SetDeviceFeature
 .text.Standard_GetDescriptorData
                0x00000000080013e0       0x1c build/usb_lib/usb_core.o
                0x00000000080013e0                Standard_GetDescriptorData
 .text.Post0_Process
                0x00000000080013fc       0x40 build/usb_lib/usb_core.o
                0x00000000080013fc                Post0_Process
 .text.Setup0_Process
                0x000000000800143c      0x2d0 build/usb_lib/usb_core.o
                0x000000000800143c                Setup0_Process
 .text.Out0_Process
                0x000000000800170c       0xc4 build/usb_lib/usb_core.o
                0x000000000800170c                Out0_Process
 .text.SetDeviceAddress
                0x00000000080017d0       0x3c build/usb_lib/usb_core.o
                0x00000000080017d0                SetDeviceAddress
 .text.In0_Process
                0x000000000800180c       0x5c build/usb_lib/usb_core.o
                0x000000000800180c                In0_Process
 .text.UserToPMABufferCopy
                0x0000000008001868       0x1e build/usb_lib/usb_mem.o
                0x0000000008001868                UserToPMABufferCopy
 .text.PMAToUserBufferCopy
                0x0000000008001886       0x1e build/usb_lib/usb_mem.o
                0x0000000008001886                PMAToUserBufferCopy
 *(.rodata)
 *(.rodata*)
 *(.glue_7)
 .glue_7        0x00000000080018a4        0x0 linker stubs
 *(.glue_7t)
 .glue_7t       0x00000000080018a4        0x0 linker stubs
                0x00000000080018a4                . = ALIGN (0x4)
                0x00000000080018a4                _etext = .
                0x00000000080018a4                _sidata = _etext

.vfp11_veneer   0x00000000080018a4        0x0
 .vfp11_veneer  0x00000000080018a4        0x0 linker stubs

.v4_bx          0x00000000080018a4        0x0
 .v4_bx         0x00000000080018a4        0x0 linker stubs

.iplt           0x00000000080018a4        0x0
 .iplt          0x00000000080018a4        0x0 build/stm32_lib/c_only_startup.o

.rel.dyn        0x00000000080018a4        0x0
 .rel.iplt      0x00000000080018a4        0x0 build/stm32_lib/c_only_startup.o

.data           0x0000000020000000      0x2c8 load address 0x00000000080018a4
                0x0000000020000000                . = ALIGN (0x4)
                0x0000000020000000                _sdata = .
 *(.data)
 .data          0x0000000020000000        0x0 build/stm32_lib/c_only_startup.o
 .data          0x0000000020000000        0x0 build/stm32_lib/cortexm3_macro.o
 .data          0x0000000020000000        0x0 build/usb.o
 .data          0x0000000020000000        0x0 build/usb_callbacks.o
 .data          0x0000000020000000        0x0 build/usb_descriptor.o
 .data          0x0000000020000000        0x0 build/main.o
 .data          0x0000000020000000        0x0 build/hardware.o
 .data          0x0000000020000000        0x0 build/dfu.o
 .data          0x0000000020000000        0x0 build/usb_lib/usb_regs.o
 .data          0x0000000020000000        0x0 build/usb_lib/usb_int.o
 .data          0x0000000020000000        0x0 build/usb_lib/usb_init.o
 .data          0x0000000020000000        0x0 build/usb_lib/usb_core.o
 .data          0x0000000020000000        0x0 build/usb_lib/usb_mem.o
 *(.data.*)
 .data.Device_Property
                0x0000000020000000       0x34 build/usb.o
                0x0000000020000000                Device_Property
 .data.Device_Table
                0x0000000020000034        0x2 build/usb.o
                0x0000000020000034                Device_Table
 *fill*         0x0000000020000036        0x2 
 .data.User_Standard_Requests
                0x0000000020000038       0x24 build/usb.o
                0x0000000020000038                User_Standard_Requests
 .data.pEpInt_IN
                0x000000002000005c       0x1c build/usb.o
                0x000000002000005c                pEpInt_IN
 .data.pEpInt_OUT
                0x0000000020000078       0x1c build/usb.o
                0x0000000020000078                pEpInt_OUT
 .data.u8_usbConfigDescriptorDFU
                0x0000000020000094       0x2d build/usb_descriptor.o
                0x0000000020000094                u8_usbConfigDescriptorDFU
 .data.u8_usbDeviceDescriptorDFU
                0x00000000200000c1       0x12 build/usb_descriptor.o
                0x00000000200000c1                u8_usbDeviceDescriptorDFU
 .data.u8_usbFunctionalDescriptor
                0x00000000200000d3        0x9 build/usb_descriptor.o
                0x00000000200000d3                u8_usbFunctionalDescriptor
 .data.u8_usbStringAlt0
                0x00000000200000dc       0x80 build/usb_descriptor.o
                0x00000000200000dc                u8_usbStringAlt0
 .data.u8_usbStringAlt1
                0x000000002000015c       0x6c build/usb_descriptor.o
                0x000000002000015c                u8_usbStringAlt1
 .data.u8_usbStringAlt2
                0x00000000200001c8       0x6c build/usb_descriptor.o
                0x00000000200001c8                u8_usbStringAlt2
 .data.u8_usbStringLangId
                0x0000000020000234        0x4 build/usb_descriptor.o
                0x0000000020000234                u8_usbStringLangId
 .data.u8_usbStringProduct
                0x0000000020000238       0x14 build/usb_descriptor.o
                0x0000000020000238                u8_usbStringProduct
 .data.u8_usbStringSerial
                0x000000002000024c       0x10 build/usb_descriptor.o
                0x000000002000024c                u8_usbStringSerial
 .data.u8_usbStringVendor
                0x000000002000025c       0x12 build/usb_descriptor.o
                0x000000002000025c                u8_usbStringVendor
 *fill*         0x000000002000026e        0x2 
 .data.usbConfigDescriptorDFU
                0x0000000020000270        0x8 build/usb_descriptor.o
                0x0000000020000270                usbConfigDescriptorDFU
 .data.usbDeviceDescriptorDFU
                0x0000000020000278        0x8 build/usb_descriptor.o
                0x0000000020000278                usbDeviceDescriptorDFU
 .data.usbFunctionalDescriptor
                0x0000000020000280        0x8 build/usb_descriptor.o
                0x0000000020000280                usbFunctionalDescriptor
 .data.usbStringDescriptor
                0x0000000020000288       0x38 build/usb_descriptor.o
                0x0000000020000288                usbStringDescriptor
 .data.userAppAddr
                0x00000000200002c0        0x4 build/dfu.o
 .data.userAppEnd
                0x00000000200002c4        0x4 build/dfu.o
                0x00000000200002c8                . = ALIGN (0x4)
                0x00000000200002c8                _edata = .

.igot.plt       0x00000000200002c8        0x0 load address 0x0000000008001b6c
 .igot.plt      0x00000000200002c8        0x0 build/stm32_lib/c_only_startup.o

.bss            0x00000000200002c8        0x0
                0x00000000200002c8                . = ALIGN (0x4)
                0x00000000200002c8                _sbss = .
 *(.bss)
 *(COMMON)
                0x00000000200002c8                . = ALIGN (0x4)
                0x00000000200002c8                _ebss = .
                [!provide]                        PROVIDE (end = _ebss)
                [!provide]                        PROVIDE (_end = _ebss)

.bss.ResumeS    0x00000000200002c8        0x2 load address 0x0000000008001b6c
 .bss.ResumeS   0x00000000200002c8        0x2 build/usb.o
                0x00000000200002c8                ResumeS

.bss.bDeviceState
                0x00000000200002cc        0x4 load address 0x0000000008001b70
 .bss.bDeviceState
                0x00000000200002cc        0x4 build/usb.o
                0x00000000200002cc                bDeviceState

.bss.bIntPackSOF
                0x00000000200002d0        0x1 load address 0x0000000008001b74
 .bss.bIntPackSOF
                0x00000000200002d0        0x1 build/usb.o
                0x00000000200002d0                bIntPackSOF

.bss.wIstr      0x00000000200002d2        0x2 load address 0x0000000008001b76
 .bss.wIstr     0x00000000200002d2        0x2 build/usb.o
                0x00000000200002d2                wIstr

.bss.wTransferSize
                0x00000000200002d4        0x4 load address 0x0000000008001b78
 .bss.wTransferSize
                0x00000000200002d4        0x4 build/usb.o
                0x00000000200002d4                wTransferSize

.bss.code_copy_lock
                0x00000000200002d8        0x1 load address 0x0000000008001b7c
 .bss.code_copy_lock
                0x00000000200002d8        0x1 build/dfu.o
                0x00000000200002d8                code_copy_lock

.bss.dfuAppStatus
                0x00000000200002d9        0x6 load address 0x0000000008001b7d
 .bss.dfuAppStatus
                0x00000000200002d9        0x6 build/dfu.o

.bss.dfuBusy    0x00000000200002df        0x1 load address 0x0000000008001b83
 .bss.dfuBusy   0x00000000200002df        0x1 build/dfu.o
                0x00000000200002df                dfuBusy

.bss.recvBuffer
                0x00000000200002e0      0x800 load address 0x0000000008001b84
 .bss.recvBuffer
                0x00000000200002e0      0x800 build/dfu.o

.bss.thisBlockLen
                0x0000000020000ae0        0x2 load address 0x0000000008002384
 .bss.thisBlockLen
                0x0000000020000ae0        0x2 build/dfu.o

.bss.uploadBlockLen
                0x0000000020000ae2        0x2 load address 0x0000000008002386
 .bss.uploadBlockLen
                0x0000000020000ae2        0x2 build/dfu.o

.bss.userFirmwareLen
                0x0000000020000ae4        0x4 load address 0x0000000008002388
 .bss.userFirmwareLen
                0x0000000020000ae4        0x4 build/dfu.o

.bss.userUploadType
                0x0000000020000ae8        0x1 load address 0x000000000800238c
 .bss.userUploadType
                0x0000000020000ae8        0x1 build/dfu.o
                0x0000000020000ae8                userUploadType

.bss.SaveRState
                0x0000000020000aea        0x2 load address 0x000000000800238e
 .bss.SaveRState
                0x0000000020000aea        0x2 build/usb_lib/usb_int.o
                0x0000000020000aea                SaveRState

.bss.SaveTState
                0x0000000020000aec        0x2 load address 0x0000000008002390
 .bss.SaveTState
                0x0000000020000aec        0x2 build/usb_lib/usb_int.o
                0x0000000020000aec                SaveTState

.bss.Device_Info
                0x0000000020000af0       0x1c load address 0x0000000008002394
 .bss.Device_Info
                0x0000000020000af0       0x1c build/usb_lib/usb_init.o
                0x0000000020000af0                Device_Info

.bss.EPindex    0x0000000020000b0c        0x1 load address 0x00000000080023b0
 .bss.EPindex   0x0000000020000b0c        0x1 build/usb_lib/usb_init.o
                0x0000000020000b0c                EPindex

.bss.pInformation
                0x0000000020000b10        0x4 load address 0x00000000080023b4
 .bss.pInformation
                0x0000000020000b10        0x4 build/usb_lib/usb_init.o
                0x0000000020000b10                pInformation

.bss.pProperty  0x0000000020000b14        0x4 load address 0x00000000080023b8
 .bss.pProperty
                0x0000000020000b14        0x4 build/usb_lib/usb_init.o
                0x0000000020000b14                pProperty

.bss.pUser_Standard_Requests
                0x0000000020000b18        0x4 load address 0x00000000080023bc
 .bss.pUser_Standard_Requests
                0x0000000020000b18        0x4 build/usb_lib/usb_init.o
                0x0000000020000b18                pUser_Standard_Requests

.bss.wInterrupt_Mask
                0x0000000020000b1c        0x2 load address 0x00000000080023c0
 .bss.wInterrupt_Mask
                0x0000000020000b1c        0x2 build/usb_lib/usb_init.o
                0x0000000020000b1c                wInterrupt_Mask

.bss.Data_Mul_MaxPacketSize
                0x0000000020000b1e        0x1 load address 0x00000000080023c2
 .bss.Data_Mul_MaxPacketSize
                0x0000000020000b1e        0x1 build/usb_lib/usb_core.o
                0x0000000020000b1e                Data_Mul_MaxPacketSize

.bss.StatusInfo
                0x0000000020000b20        0x2 load address 0x00000000080023c4
 .bss.StatusInfo
                0x0000000020000b20        0x2 build/usb_lib/usb_core.o
                0x0000000020000b20                StatusInfo

._usrstack      0x0000000020000b22      0x102 load address 0x00000000080023c6
                0x0000000020000b24                . = ALIGN (0x4)
 *fill*         0x0000000020000b22        0x2 
                0x0000000020000b24                _susrstack = .
                0x0000000020000c24                . = (. + _Minimum_Stack_Size)
 *fill*         0x0000000020000b24      0x100 
                0x0000000020000c24                . = ALIGN (0x4)
                0x0000000020000c24                _eusrstack = .

DISCARD
 libc.a(*)
 libm.a(*)
 libgcc.a(*)

.stab
 *(.stab)

.stabstr
 *(.stabstr)

.stab.excl
 *(.stab.excl)

.stab.exclstr
 *(.stab.exclstr)

.stab.index
 *(.stab.index)

.stab.indexstr
 *(.stab.indexstr)

.comment        0x0000000000000000       0x12
 *(.comment)
 .comment       0x0000000000000000       0x12 build/usb.o
                                         0x13 (size before relaxing)
 .comment       0x0000000000000012       0x13 build/usb_callbacks.o
 .comment       0x0000000000000012       0x13 build/usb_descriptor.o
 .comment       0x0000000000000012       0x13 build/main.o
 .comment       0x0000000000000012       0x13 build/hardware.o
 .comment       0x0000000000000012       0x13 build/dfu.o
 .comment       0x0000000000000012       0x13 build/usb_lib/usb_regs.o
 .comment       0x0000000000000012       0x13 build/usb_lib/usb_int.o
 .comment       0x0000000000000012       0x13 build/usb_lib/usb_init.o
 .comment       0x0000000000000012       0x13 build/usb_lib/usb_core.o
 .comment       0x0000000000000012       0x13 build/usb_lib/usb_mem.o

.ARM.attributes
                0x0000000000000000       0x2f
 .ARM.attributes
                0x0000000000000000       0x21 build/stm32_lib/c_only_startup.o
 .ARM.attributes
                0x0000000000000021       0x21 build/stm32_lib/cortexm3_macro.o
 .ARM.attributes
                0x0000000000000042       0x2d build/usb.o
 .ARM.attributes
                0x000000000000006f       0x33 build/usb_callbacks.o
 .ARM.attributes
                0x00000000000000a2       0x33 build/usb_descriptor.o
 .ARM.attributes
                0x00000000000000d5       0x2d build/main.o
 .ARM.attributes
                0x0000000000000102       0x2d build/hardware.o
 .ARM.attributes
                0x000000000000012f       0x2d build/dfu.o
 .ARM.attributes
                0x000000000000015c       0x2d build/usb_lib/usb_regs.o
 .ARM.attributes
                0x0000000000000189       0x2d build/usb_lib/usb_int.o
 .ARM.attributes
                0x00000000000001b6       0x2d build/usb_lib/usb_init.o
 .ARM.attributes
                0x00000000000001e3       0x2d build/usb_lib/usb_core.o
 .ARM.attributes
                0x0000000000000210       0x2d build/usb_lib/usb_mem.o

.debug
 *(.debug)

.line
 *(.line)

.debug_srcinfo
 *(.debug_srcinfo)

.debug_sfnames
 *(.debug_sfnames)

.debug_aranges  0x0000000000000000      0x550
 *(.debug_aranges)
 .debug_aranges
                0x0000000000000000       0x28 build/stm32_lib/c_only_startup.o
 .debug_aranges
                0x0000000000000028       0x20 build/stm32_lib/cortexm3_macro.o
 .debug_aranges
                0x0000000000000048       0xd0 build/usb.o
 .debug_aranges
                0x0000000000000118       0x18 build/usb_descriptor.o
 .debug_aranges
                0x0000000000000130       0x20 build/main.o
 .debug_aranges
                0x0000000000000150       0xd8 build/hardware.o
 .debug_aranges
                0x0000000000000228       0x80 build/dfu.o
 .debug_aranges
                0x00000000000002a8      0x1a0 build/usb_lib/usb_regs.o
 .debug_aranges
                0x0000000000000448       0x28 build/usb_lib/usb_int.o
 .debug_aranges
                0x0000000000000470       0x20 build/usb_lib/usb_init.o
 .debug_aranges
                0x0000000000000490       0x98 build/usb_lib/usb_core.o
 .debug_aranges
                0x0000000000000528       0x28 build/usb_lib/usb_mem.o

.debug_pubnames
 *(.debug_pubnames)

.debug_info     0x0000000000000000     0x4b4c
 *(.debug_info .gnu.linkonce.wi.*)
 .debug_info    0x0000000000000000       0x22 build/stm32_lib/c_only_startup.o
 .debug_info    0x0000000000000022       0x26 build/stm32_lib/cortexm3_macro.o
 .debug_info    0x0000000000000048      0xdd5 build/usb.o
 .debug_info    0x0000000000000e1d      0x265 build/usb_descriptor.o
 .debug_info    0x0000000000001082      0x242 build/main.o
 .debug_info    0x00000000000012c4      0xbd2 build/hardware.o
 .debug_info    0x0000000000001e96      0x6fc build/dfu.o
 .debug_info    0x0000000000002592      0xdc6 build/usb_lib/usb_regs.o
 .debug_info    0x0000000000003358      0x298 build/usb_lib/usb_int.o
 .debug_info    0x00000000000035f0      0x47c build/usb_lib/usb_init.o
 .debug_info    0x0000000000003a6c      0xf1d build/usb_lib/usb_core.o
 .debug_info    0x0000000000004989      0x1c3 build/usb_lib/usb_mem.o

.debug_abbrev   0x0000000000000000     0x15b5
 *(.debug_abbrev)
 .debug_abbrev  0x0000000000000000       0x12 build/stm32_lib/c_only_startup.o
 .debug_abbrev  0x0000000000000012       0x14 build/stm32_lib/cortexm3_macro.o
 .debug_abbrev  0x0000000000000026      0x462 build/usb.o
 .debug_abbrev  0x0000000000000488       0xb6 build/usb_descriptor.o
 .debug_abbrev  0x000000000000053e       0xe7 build/main.o
 .debug_abbrev  0x0000000000000625      0x38a build/hardware.o
 .debug_abbrev  0x00000000000009af      0x31f build/dfu.o
 .debug_abbrev  0x0000000000000cce      0x238 build/usb_lib/usb_regs.o
 .debug_abbrev  0x0000000000000f06      0x10c build/usb_lib/usb_int.o
 .debug_abbrev  0x0000000000001012      0x118 build/usb_lib/usb_init.o
 .debug_abbrev  0x000000000000112a      0x3fc build/usb_lib/usb_core.o
 .debug_abbrev  0x0000000000001526       0x8f build/usb_lib/usb_mem.o

.debug_line     0x0000000000000000     0x306a
 *(.debug_line)
 .debug_line    0x0000000000000000       0x75 build/stm32_lib/c_only_startup.o
 .debug_line    0x0000000000000075       0xa6 build/stm32_lib/cortexm3_macro.o
 .debug_line    0x000000000000011b      0x6e9 build/usb.o
 .debug_line    0x0000000000000804        0x0 build/usb_callbacks.o
 .debug_line    0x0000000000000804       0x7d build/usb_descriptor.o
 .debug_line    0x0000000000000881      0x11a build/main.o
 .debug_line    0x000000000000099b      0x6fb build/hardware.o
 .debug_line    0x0000000000001096      0x713 build/dfu.o
 .debug_line    0x00000000000017a9      0x8f1 build/usb_lib/usb_regs.o
 .debug_line    0x000000000000209a      0x224 build/usb_lib/usb_int.o
 .debug_line    0x00000000000022be       0x9d build/usb_lib/usb_init.o
 .debug_line    0x000000000000235b      0xbd4 build/usb_lib/usb_core.o
 .debug_line    0x0000000000002f2f      0x13b build/usb_lib/usb_mem.o

.debug_frame    0x0000000000000000      0xbe8
 *(.debug_frame)
 .debug_frame   0x0000000000000000      0x284 build/usb.o
 .debug_frame   0x0000000000000284       0x2c build/main.o
 .debug_frame   0x00000000000002b0      0x1dc build/hardware.o
 .debug_frame   0x000000000000048c      0x118 build/dfu.o
 .debug_frame   0x00000000000005a4      0x3d8 build/usb_lib/usb_regs.o
 .debug_frame   0x000000000000097c       0x4c build/usb_lib/usb_int.o
 .debug_frame   0x00000000000009c8       0x20 build/usb_lib/usb_init.o
 .debug_frame   0x00000000000009e8      0x1d0 build/usb_lib/usb_core.o
 .debug_frame   0x0000000000000bb8       0x30 build/usb_lib/usb_mem.o

.debug_str      0x0000000000000000     0x183b
 *(.debug_str)
 .debug_str     0x0000000000000000       0x47 build/stm32_lib/c_only_startup.o
 .debug_str     0x0000000000000047       0x1d build/stm32_lib/cortexm3_macro.o
                                         0x49 (size before relaxing)
 .debug_str     0x0000000000000064      0x922 build/usb.o
                                        0xab3 (size before relaxing)
 .debug_str     0x0000000000000986       0x10 build/usb_callbacks.o
                                         0xb4 (size before relaxing)
 .debug_str     0x0000000000000996       0xc1 build/usb_descriptor.o
                                        0x28b (size before relaxing)
 .debug_str     0x0000000000000a57       0xd7 build/main.o
                                        0x1f3 (size before relaxing)
 .debug_str     0x0000000000000b2e      0x2ce build/hardware.o
                                        0x543 (size before relaxing)
 .debug_str     0x0000000000000dfc      0x1ee build/dfu.o
                                        0x505 (size before relaxing)
 .debug_str     0x0000000000000fea      0x3ab build/usb_lib/usb_regs.o
                                        0x4e8 (size before relaxing)
 .debug_str     0x0000000000001395       0x66 build/usb_lib/usb_int.o
                                        0x194 (size before relaxing)
 .debug_str     0x00000000000013fb       0x41 build/usb_lib/usb_init.o
                                        0x4c2 (size before relaxing)
 .debug_str     0x000000000000143c      0x3bd build/usb_lib/usb_core.o
                                        0xa5a (size before relaxing)
 .debug_str     0x00000000000017f9       0x42 build/usb_lib/usb_mem.o
                                        0x160 (size before relaxing)

.debug_loc      0x0000000000000000     0x276c
 *(.debug_loc)
 .debug_loc     0x0000000000000000      0x2cf build/usb.o
 .debug_loc     0x00000000000002cf       0x6c build/main.o
 .debug_loc     0x000000000000033b      0x5b5 build/hardware.o
 .debug_loc     0x00000000000008f0      0x226 build/dfu.o
 .debug_loc     0x0000000000000b16      0xc9a build/usb_lib/usb_regs.o
 .debug_loc     0x00000000000017b0      0x1d6 build/usb_lib/usb_int.o
 .debug_loc     0x0000000000001986      0xb7f build/usb_lib/usb_core.o
 .debug_loc     0x0000000000002505      0x267 build/usb_lib/usb_mem.o

.debug_macinfo
 *(.debug_macinfo)

.debug_weaknames
 *(.debug_weaknames)

.debug_funcnames
 *(.debug_funcnames)

.debug_typenames
 *(.debug_typenames)

.debug_varnames
 *(.debug_varnames)
OUTPUT(build/maple_boot.elf elf32-littlearm)
LOAD linker stubs
LOAD d:/qmk_msys/mingw64/bin/../lib/gcc/arm-none-eabi/10.1.0/../../../../arm-none-eabi/lib/thumb/v7-m/nofp\libc.a
LOAD d:/qmk_msys/mingw64/bin/../lib/gcc/arm-none-eabi/10.1.0/../../../../arm-none-eabi/lib/thumb/v7-m/nofp\libm.a
LOAD d:/qmk_msys/mingw64/bin/../lib/gcc/arm-none-eabi/10.1.0/thumb/v7-m/nofp\libgcc.a

.debug_ranges   0x0000000000000000      0x6e8
 .debug_ranges  0x0000000000000000       0x20 build/stm32_lib/c_only_startup.o
 .debug_ranges  0x0000000000000020       0xf8 build/usb.o
 .debug_ranges  0x0000000000000118       0x28 build/main.o
 .debug_ranges  0x0000000000000140       0xe0 build/hardware.o
 .debug_ranges  0x0000000000000220       0x70 build/dfu.o
 .debug_ranges  0x0000000000000290      0x298 build/usb_lib/usb_regs.o
 .debug_ranges  0x0000000000000528       0x18 build/usb_lib/usb_int.o
 .debug_ranges  0x0000000000000540       0x10 build/usb_lib/usb_init.o
 .debug_ranges  0x0000000000000550      0x180 build/usb_lib/usb_core.o
 .debug_ranges  0x00000000000006d0       0x18 build/usb_lib/usb_mem.o

Cross Reference Table

Symbol                                            File
ADC1_2_IRQHandler                                 build/stm32_lib/c_only_startup.o
BusFault_Handler                                  build/stm32_lib/c_only_startup.o
ByteSwap                                          build/usb_lib/usb_regs.o
CAN1_RX1_IRQHandler                               build/stm32_lib/c_only_startup.o
CAN1_SCE_IRQHandler                               build/stm32_lib/c_only_startup.o
CTR_HP                                            build/usb_lib/usb_int.o
CTR_LP                                            build/usb_lib/usb_int.o
                                                  build/usb.o
ClearDTOG_RX                                      build/usb_lib/usb_regs.o
                                                  build/usb_lib/usb_core.o
ClearDTOG_TX                                      build/usb_lib/usb_regs.o
                                                  build/usb_lib/usb_core.o
ClearEPDoubleBuff                                 build/usb_lib/usb_regs.o
ClearEP_CTR_RX                                    build/usb_lib/usb_regs.o
ClearEP_CTR_TX                                    build/usb_lib/usb_regs.o
ClearEP_KIND                                      build/usb_lib/usb_regs.o
Clear_Status_Out                                  build/usb_lib/usb_regs.o
                                                  build/usb.o
DMA1_Channel1_IRQHandler                          build/stm32_lib/c_only_startup.o
DMA1_Channel2_IRQHandler                          build/stm32_lib/c_only_startup.o
DMA1_Channel3_IRQHandler                          build/stm32_lib/c_only_startup.o
DMA1_Channel4_IRQHandler                          build/stm32_lib/c_only_startup.o
DMA1_Channel5_IRQHandler                          build/stm32_lib/c_only_startup.o
DMA1_Channel6_IRQHandler                          build/stm32_lib/c_only_startup.o
DMA1_Channel7_IRQHandler                          build/stm32_lib/c_only_startup.o
Data_Mul_MaxPacketSize                            build/usb_lib/usb_core.o
DebugMon_Handler                                  build/stm32_lib/c_only_startup.o
Default_Handler                                   build/stm32_lib/c_only_startup.o
Device_Info                                       build/usb_lib/usb_init.o
Device_Property                                   build/usb.o
                                                  build/usb_lib/usb_core.o
                                                  build/usb_lib/usb_init.o
Device_Table                                      build/usb.o
                                                  build/usb_lib/usb_core.o
EPindex                                           build/usb_lib/usb_init.o
                                                  build/usb_lib/usb_int.o
EXTI0_IRQHandler                                  build/stm32_lib/c_only_startup.o
EXTI15_10_IRQHandler                              build/stm32_lib/c_only_startup.o
EXTI1_IRQHandler                                  build/stm32_lib/c_only_startup.o
EXTI2_IRQHandler                                  build/stm32_lib/c_only_startup.o
EXTI3_IRQHandler                                  build/stm32_lib/c_only_startup.o
EXTI4_IRQHandler                                  build/stm32_lib/c_only_startup.o
EXTI9_5_IRQHandler                                build/stm32_lib/c_only_startup.o
FLASH_IRQHandler                                  build/stm32_lib/c_only_startup.o
FreeUserBuffer                                    build/usb_lib/usb_regs.o
GetBTABLE                                         build/usb_lib/usb_regs.o
GetCNTR                                           build/usb_lib/usb_regs.o
GetDADDR                                          build/usb_lib/usb_regs.o
GetENDPOINT                                       build/usb_lib/usb_regs.o
GetEPAddress                                      build/usb_lib/usb_regs.o
GetEPDblBuf0Addr                                  build/usb_lib/usb_regs.o
GetEPDblBuf0Count                                 build/usb_lib/usb_regs.o
GetEPDblBuf1Addr                                  build/usb_lib/usb_regs.o
GetEPDblBuf1Count                                 build/usb_lib/usb_regs.o
GetEPDblBufDir                                    build/usb_lib/usb_regs.o
GetEPRxAddr                                       build/usb_lib/usb_regs.o
                                                  build/usb_lib/usb_core.o
GetEPRxCount                                      build/usb_lib/usb_regs.o
GetEPRxStatus                                     build/usb_lib/usb_regs.o
GetEPTxAddr                                       build/usb_lib/usb_regs.o
                                                  build/usb_lib/usb_core.o
GetEPTxCount                                      build/usb_lib/usb_regs.o
GetEPTxStatus                                     build/usb_lib/usb_regs.o
GetEPType                                         build/usb_lib/usb_regs.o
GetFNR                                            build/usb_lib/usb_regs.o
GetISTR                                           build/usb_lib/usb_regs.o
GetRxStallStatus                                  build/usb_lib/usb_regs.o
GetTxStallStatus                                  build/usb_lib/usb_regs.o
HardFault_Handler                                 build/stm32_lib/c_only_startup.o
I2C1_ER_IRQHandler                                build/stm32_lib/c_only_startup.o
I2C1_EV_IRQHandler                                build/stm32_lib/c_only_startup.o
I2C2_ER_IRQHandler                                build/stm32_lib/c_only_startup.o
I2C2_EV_IRQHandler                                build/stm32_lib/c_only_startup.o
In0_Process                                       build/usb_lib/usb_core.o
                                                  build/usb_lib/usb_int.o
MemManage_Handler                                 build/stm32_lib/c_only_startup.o
NMI_Handler                                       build/stm32_lib/c_only_startup.o
NOP_Process                                       build/usb_lib/usb_core.o
Out0_Process                                      build/usb_lib/usb_core.o
                                                  build/usb_lib/usb_int.o
PMAToUserBufferCopy                               build/usb_lib/usb_mem.o
                                                  build/usb_lib/usb_core.o
PVD_IRQHandler                                    build/stm32_lib/c_only_startup.o
PendSV_Handler                                    build/stm32_lib/c_only_startup.o
Post0_Process                                     build/usb_lib/usb_core.o
RCC_IRQHandler                                    build/stm32_lib/c_only_startup.o
RTCAlarm_IRQHandler                               build/stm32_lib/c_only_startup.o
RTC_IRQHandler                                    build/stm32_lib/c_only_startup.o
Reset_Handler                                     build/stm32_lib/c_only_startup.o
ResumeS                                           build/usb.o
SPI1_IRQHandler                                   build/stm32_lib/c_only_startup.o
SPI2_IRQHandler                                   build/stm32_lib/c_only_startup.o
SVC_Handler                                       build/stm32_lib/c_only_startup.o
SaveRState                                        build/usb_lib/usb_int.o
                                                  build/usb_lib/usb_core.o
SaveState                                         build/usb_lib/usb_init.o
SaveTState                                        build/usb_lib/usb_int.o
                                                  build/usb_lib/usb_core.o
SetBTABLE                                         build/usb_lib/usb_regs.o
SetCNTR                                           build/usb_lib/usb_regs.o
SetDADDR                                          build/usb_lib/usb_regs.o
SetDeviceAddress                                  build/usb_lib/usb_core.o
                                                  build/usb.o
SetDouBleBuffEPStall                              build/usb_lib/usb_regs.o
SetENDPOINT                                       build/usb_lib/usb_regs.o
SetEPAddress                                      build/usb_lib/usb_regs.o
SetEPCountRxReg                                   build/usb_lib/usb_regs.o
SetEPDblBuf0Addr                                  build/usb_lib/usb_regs.o
SetEPDblBuf0Count                                 build/usb_lib/usb_regs.o
SetEPDblBuf1Addr                                  build/usb_lib/usb_regs.o
SetEPDblBuf1Count                                 build/usb_lib/usb_regs.o
SetEPDblBuffAddr                                  build/usb_lib/usb_regs.o
SetEPDblBuffCount                                 build/usb_lib/usb_regs.o
SetEPDoubleBuff                                   build/usb_lib/usb_regs.o
SetEPRxAddr                                       build/usb_lib/usb_regs.o
SetEPRxCount                                      build/usb_lib/usb_regs.o
                                                  build/usb_lib/usb_core.o
                                                  build/usb.o
SetEPRxStatus                                     build/usb_lib/usb_regs.o
SetEPRxValid                                      build/usb_lib/usb_regs.o
                                                  build/usb.o
SetEPTxAddr                                       build/usb_lib/usb_regs.o
SetEPTxCount                                      build/usb_lib/usb_regs.o
                                                  build/usb_lib/usb_core.o
SetEPTxStatus                                     build/usb_lib/usb_regs.o
                                                  build/usb_lib/usb_core.o
SetEPTxValid                                      build/usb_lib/usb_regs.o
SetEPType                                         build/usb_lib/usb_regs.o
SetEP_KIND                                        build/usb_lib/usb_regs.o
SetISTR                                           build/usb_lib/usb_regs.o
Set_Status_Out                                    build/usb_lib/usb_regs.o
Setup0_Process                                    build/usb_lib/usb_core.o
                                                  build/usb_lib/usb_int.o
Standard_ClearFeature                             build/usb_lib/usb_core.o
Standard_GetConfiguration                         build/usb_lib/usb_core.o
Standard_GetDescriptorData                        build/usb_lib/usb_core.o
                                                  build/usb.o
Standard_GetInterface                             build/usb_lib/usb_core.o
Standard_GetStatus                                build/usb_lib/usb_core.o
Standard_SetConfiguration                         build/usb_lib/usb_core.o
Standard_SetDeviceFeature                         build/usb_lib/usb_core.o
Standard_SetEndPointFeature                       build/usb_lib/usb_core.o
Standard_SetInterface                             build/usb_lib/usb_core.o
StatusInfo                                        build/usb_lib/usb_core.o
SysTick_Handler                                   build/stm32_lib/c_only_startup.o
SystemInit_ExtMemCtl_Dummy                        build/stm32_lib/c_only_startup.o
TAMPER_IRQHandler                                 build/stm32_lib/c_only_startup.o
TIM1_BRK_IRQHandler                               build/stm32_lib/c_only_startup.o
TIM1_CC_IRQHandler                                build/stm32_lib/c_only_startup.o
TIM1_TRG_COM_IRQHandler                           build/stm32_lib/c_only_startup.o
TIM1_UP_IRQHandler                                build/stm32_lib/c_only_startup.o
TIM2_IRQHandler                                   build/stm32_lib/c_only_startup.o
TIM3_IRQHandler                                   build/stm32_lib/c_only_startup.o
TIM4_IRQHandler                                   build/stm32_lib/c_only_startup.o
ToWord                                            build/usb_lib/usb_regs.o
ToggleDTOG_RX                                     build/usb_lib/usb_regs.o
ToggleDTOG_TX                                     build/usb_lib/usb_regs.o
USART1_IRQHandler                                 build/stm32_lib/c_only_startup.o
USART2_IRQHandler                                 build/stm32_lib/c_only_startup.o
USART3_IRQHandler                                 build/stm32_lib/c_only_startup.o
USBWakeUp_IRQHandler                              build/stm32_lib/c_only_startup.o
USB_HP_CAN1_TX_IRQHandler                         build/stm32_lib/c_only_startup.o
USB_Init                                          build/usb_lib/usb_init.o
                                                  build/usb.o
USB_LP_CAN1_RX0_IRQHandler                        build/usb.o
                                                  build/stm32_lib/c_only_startup.o
UsageFault_Handler                                build/stm32_lib/c_only_startup.o
UserToPMABufferCopy                               build/usb_lib/usb_mem.o
                                                  build/usb_lib/usb_core.o
User_Standard_Requests                            build/usb.o
                                                  build/usb_lib/usb_init.o
WWDG_IRQHandler                                   build/stm32_lib/c_only_startup.o
__BASEPRICONFIG                                   build/stm32_lib/cortexm3_macro.o
__DMB                                             build/stm32_lib/cortexm3_macro.o
__DSB                                             build/stm32_lib/cortexm3_macro.o
__GetBASEPRI                                      build/stm32_lib/cortexm3_macro.o
__ISB                                             build/stm32_lib/cortexm3_macro.o
__MRS_CONTROL                                     build/stm32_lib/cortexm3_macro.o
__MRS_MSP                                         build/stm32_lib/cortexm3_macro.o
__MRS_PSP                                         build/stm32_lib/cortexm3_macro.o
__MSR_CONTROL                                     build/stm32_lib/cortexm3_macro.o
__MSR_MSP                                         build/stm32_lib/cortexm3_macro.o
__MSR_PSP                                         build/stm32_lib/cortexm3_macro.o
__READ_FAULTMASK                                  build/stm32_lib/cortexm3_macro.o
__READ_PRIMASK                                    build/stm32_lib/cortexm3_macro.o
__RESETFAULTMASK                                  build/stm32_lib/cortexm3_macro.o
__RESETPRIMASK                                    build/stm32_lib/cortexm3_macro.o
__REV_HalfWord                                    build/stm32_lib/cortexm3_macro.o
__REV_Word                                        build/stm32_lib/cortexm3_macro.o
__SETFAULTMASK                                    build/stm32_lib/cortexm3_macro.o
__SETPRIMASK                                      build/stm32_lib/cortexm3_macro.o
__SEV                                             build/stm32_lib/cortexm3_macro.o
__SVC                                             build/stm32_lib/cortexm3_macro.o
__WFE                                             build/stm32_lib/cortexm3_macro.o
__WFI                                             build/stm32_lib/cortexm3_macro.o
_ebss                                             build/stm32_lib/c_only_startup.o
_edata                                            build/stm32_lib/c_only_startup.o
_estack                                           build/stm32_lib/c_only_startup.o
_sbss                                             build/stm32_lib/c_only_startup.o
_sdata                                            build/stm32_lib/c_only_startup.o
_sidata                                           build/stm32_lib/c_only_startup.o
bDeviceState                                      build/usb.o
bIntPackSOF                                       build/usb.o
bkp10Write                                        build/hardware.o
                                                  build/dfu.o
checkAndClearBootloaderFlag                       build/hardware.o
                                                  build/main.o
checkUserCode                                     build/hardware.o
                                                  build/main.o
code_copy_lock                                    build/dfu.o
crMask                                            build/hardware.o
                                                  build/usb.o
dfuBusy                                           build/dfu.o
dfuCopyBufferToExec                               build/dfu.o
dfuCopyDNLOAD                                     build/dfu.o
                                                  build/usb.o
dfuCopyState                                      build/dfu.o
                                                  build/usb.o
dfuCopyStatus                                     build/dfu.o
                                                  build/usb.o
dfuCopyUPLOAD                                     build/dfu.o
                                                  build/usb.o
dfuFinishUpload                                   build/dfu.o
                                                  build/main.o
dfuGetState                                       build/dfu.o
dfuInit                                           build/dfu.o
                                                  build/usb.o
dfuSetState                                       build/dfu.o
dfuUpdateByRequest                                build/dfu.o
                                                  build/usb.o
dfuUpdateByReset                                  build/dfu.o
                                                  build/usb.o
dfuUpdateByTimeout                                build/dfu.o
dfuUploadStarted                                  build/dfu.o
                                                  build/main.o
flashErasePage                                    build/hardware.o
                                                  build/dfu.o
flashErasePages                                   build/hardware.o
flashLock                                         build/hardware.o
                                                  build/dfu.o
flashUnlock                                       build/hardware.o
                                                  build/dfu.o
flashWriteWord                                    build/hardware.o
                                                  build/dfu.o
g_pfnVectors                                      build/stm32_lib/c_only_startup.o
getFlashEnd                                       build/hardware.o
                                                  build/dfu.o
getFlashPageSize                                  build/hardware.o
                                                  build/usb.o
gpio_write_bit                                    build/hardware.o
                                                  build/usb.o
jumpToUser                                        build/hardware.o
                                                  build/main.o
main                                              build/main.o
                                                  build/stm32_lib/c_only_startup.o
nothingProc                                       build/usb.o
nvicDisableInterrupts                             build/hardware.o
                                                  build/dfu.o
nvicInit                                          build/hardware.o
                                                  build/usb.o
pEpInt_IN                                         build/usb.o
                                                  build/usb_lib/usb_int.o
pEpInt_OUT                                        build/usb.o
                                                  build/usb_lib/usb_int.o
pInformation                                      build/usb_lib/usb_init.o
                                                  build/usb_lib/usb_core.o
                                                  build/dfu.o
                                                  build/usb.o
pProperty                                         build/usb_lib/usb_init.o
                                                  build/usb_lib/usb_core.o
                                                  build/usb.o
pUser_Standard_Requests                           build/usb_lib/usb_init.o
                                                  build/usb_lib/usb_core.o
readButtonState                                   build/hardware.o
                                                  build/main.o
readPin                                           build/hardware.o
setMspAndJump                                     build/hardware.o
setupCLK                                          build/hardware.o
                                                  build/main.o
setupFLASH                                        build/hardware.o
                                                  build/dfu.o
                                                  build/main.o
setupLEDAndButton                                 build/hardware.o
                                                  build/main.o
setupUSB                                          build/usb.o
                                                  build/main.o
strobePin                                         build/hardware.o
systemHardReset                                   build/hardware.o
                                                  build/dfu.o
                                                  build/main.o
systemReset                                       build/hardware.o
                                                  build/main.o
u8_usbConfigDescriptorDFU                         build/usb_descriptor.o
                                                  build/usb.o
u8_usbDeviceDescriptorDFU                         build/usb_descriptor.o
u8_usbFunctionalDescriptor                        build/usb_descriptor.o
                                                  build/usb.o
u8_usbStringAlt0                                  build/usb_descriptor.o
u8_usbStringAlt1                                  build/usb_descriptor.o
u8_usbStringAlt2                                  build/usb_descriptor.o
u8_usbStringInterface                             build/usb_descriptor.o
u8_usbStringLangId                                build/usb_descriptor.o
u8_usbStringProduct                               build/usb_descriptor.o
u8_usbStringSerial                                build/usb_descriptor.o
u8_usbStringVendor                                build/usb_descriptor.o
usbAppInit                                        build/usb.o
usbClearFeature                                   build/usb.o
usbConfigDescriptorDFU                            build/usb_descriptor.o
                                                  build/usb.o
usbDataSetup                                      build/usb.o
usbDeviceDescriptorDFU                            build/usb_descriptor.o
                                                  build/usb.o
usbDsbBus                                         build/usb.o
                                                  build/hardware.o
usbDsbISR                                         build/usb.o
                                                  build/hardware.o
usbEnbISR                                         build/usb.o
                                                  build/dfu.o
usbFunctionalDescriptor                           build/usb_descriptor.o
                                                  build/usb.o
usbGetConfigDescriptor                            build/usb.o
usbGetConfiguration                               build/usb.o
usbGetDeviceDescriptor                            build/usb.o
usbGetFunctionalDescriptor                        build/usb.o
usbGetInterface                                   build/usb.o
usbGetInterfaceSetting                            build/usb.o
usbGetStatus                                      build/usb.o
usbGetStringDescriptor                            build/usb.o
usbInit                                           build/usb.o
usbNoDataSetup                                    build/usb.o
usbPowerOff                                       build/usb.o
usbPowerOn                                        build/usb.o
usbReset                                          build/usb.o
usbResume                                         build/usb.o
usbResumeInit                                     build/usb.o
usbSetConfiguration                               build/usb.o
usbSetDeviceAddress                               build/usb.o
usbSetDeviceFeature                               build/usb.o
usbSetEndpointFeature                             build/usb.o
usbSetInterface                                   build/usb.o
usbStatusIn                                       build/usb.o
usbStatusOut                                      build/usb.o
usbStringDescriptor                               build/usb_descriptor.o
                                                  build/usb.o
usbSuspend                                        build/usb.o
userUploadType                                    build/dfu.o
wInterrupt_Mask                                   build/usb_lib/usb_init.o
                                                  build/usb.o
wIstr                                             build/usb.o
                                                  build/usb_lib/usb_int.o
wTransferSize                                     build/usb.o
                                                  build/hardware.o
